Archive member included because of file (symbol)

c:/winavr-20100110/bin/../lib/gcc/avr/4.3.3/avr5\libgcc.a(_exit.o)
                              c:/winavr-20100110/bin/../lib/gcc/avr/4.3.3/../../../../avr/lib/avr5/crtm32u4.o (exit)
c:/winavr-20100110/bin/../lib/gcc/avr/4.3.3/avr5\libgcc.a(_copy_data.o)
                              example.o (__do_copy_data)
c:/winavr-20100110/bin/../lib/gcc/avr/4.3.3/avr5\libgcc.a(_clear_bss.o)
                              example.o (__do_clear_bss)

Discarded input sections

 .data          0x00000000        0x0 c:/winavr-20100110/bin/../lib/gcc/avr/4.3.3/../../../../avr/lib/avr5/crtm32u4.o
 .bss           0x00000000        0x0 c:/winavr-20100110/bin/../lib/gcc/avr/4.3.3/../../../../avr/lib/avr5/crtm32u4.o
 .text          0x00000000        0x0 example.o
 .text          0x00000000        0x0 usb_keyboard.o
 .text          0x00000000        0x0 c:/winavr-20100110/bin/../lib/gcc/avr/4.3.3/avr5\libgcc.a(_exit.o)
 .data          0x00000000        0x0 c:/winavr-20100110/bin/../lib/gcc/avr/4.3.3/avr5\libgcc.a(_exit.o)
 .bss           0x00000000        0x0 c:/winavr-20100110/bin/../lib/gcc/avr/4.3.3/avr5\libgcc.a(_exit.o)
 .text.libgcc   0x00000000        0x0 c:/winavr-20100110/bin/../lib/gcc/avr/4.3.3/avr5\libgcc.a(_exit.o)
 .text          0x00000000        0x0 c:/winavr-20100110/bin/../lib/gcc/avr/4.3.3/avr5\libgcc.a(_copy_data.o)
 .data          0x00000000        0x0 c:/winavr-20100110/bin/../lib/gcc/avr/4.3.3/avr5\libgcc.a(_copy_data.o)
 .bss           0x00000000        0x0 c:/winavr-20100110/bin/../lib/gcc/avr/4.3.3/avr5\libgcc.a(_copy_data.o)
 .text.libgcc   0x00000000        0x0 c:/winavr-20100110/bin/../lib/gcc/avr/4.3.3/avr5\libgcc.a(_copy_data.o)
 .text          0x00000000        0x0 c:/winavr-20100110/bin/../lib/gcc/avr/4.3.3/avr5\libgcc.a(_clear_bss.o)
 .data          0x00000000        0x0 c:/winavr-20100110/bin/../lib/gcc/avr/4.3.3/avr5\libgcc.a(_clear_bss.o)
 .bss           0x00000000        0x0 c:/winavr-20100110/bin/../lib/gcc/avr/4.3.3/avr5\libgcc.a(_clear_bss.o)
 .text.libgcc   0x00000000        0x0 c:/winavr-20100110/bin/../lib/gcc/avr/4.3.3/avr5\libgcc.a(_clear_bss.o)

Memory Configuration

Name             Origin             Length             Attributes
text             0x00000000         0x00020000         xr
data             0x00800060         0x0000ffa0         rw !x
eeprom           0x00810000         0x00010000         rw !x
fuse             0x00820000         0x00000400         rw !x
lock             0x00830000         0x00000400         rw !x
signature        0x00840000         0x00000400         rw !x
*default*        0x00000000         0xffffffff

Linker script and memory map

Address of section .data set to 0x800100
LOAD c:/winavr-20100110/bin/../lib/gcc/avr/4.3.3/../../../../avr/lib/avr5/crtm32u4.o
LOAD example.o
LOAD usb_keyboard.o
LOAD c:/winavr-20100110/bin/../lib/gcc/avr/4.3.3/../../../../avr/lib/avr5\libm.a
LOAD c:/winavr-20100110/bin/../lib/gcc/avr/4.3.3/avr5\libgcc.a
LOAD c:/winavr-20100110/bin/../lib/gcc/avr/4.3.3/../../../../avr/lib/avr5\libc.a
LOAD c:/winavr-20100110/bin/../lib/gcc/avr/4.3.3/avr5\libgcc.a

.hash
 *(.hash)

.dynsym
 *(.dynsym)

.dynstr
 *(.dynstr)

.gnu.version
 *(.gnu.version)

.gnu.version_d
 *(.gnu.version_d)

.gnu.version_r
 *(.gnu.version_r)

.rel.init
 *(.rel.init)

.rela.init
 *(.rela.init)

.rel.text
 *(.rel.text)
 *(.rel.text.*)
 *(.rel.gnu.linkonce.t*)

.rela.text
 *(.rela.text)
 *(.rela.text.*)
 *(.rela.gnu.linkonce.t*)

.rel.fini
 *(.rel.fini)

.rela.fini
 *(.rela.fini)

.rel.rodata
 *(.rel.rodata)
 *(.rel.rodata.*)
 *(.rel.gnu.linkonce.r*)

.rela.rodata
 *(.rela.rodata)
 *(.rela.rodata.*)
 *(.rela.gnu.linkonce.r*)

.rel.data
 *(.rel.data)
 *(.rel.data.*)
 *(.rel.gnu.linkonce.d*)

.rela.data
 *(.rela.data)
 *(.rela.data.*)
 *(.rela.gnu.linkonce.d*)

.rel.ctors
 *(.rel.ctors)

.rela.ctors
 *(.rela.ctors)

.rel.dtors
 *(.rel.dtors)

.rela.dtors
 *(.rela.dtors)

.rel.got
 *(.rel.got)

.rela.got
 *(.rela.got)

.rel.bss
 *(.rel.bss)

.rela.bss
 *(.rela.bss)

.rel.plt
 *(.rel.plt)

.rela.plt
 *(.rela.plt)

.text           0x00000000      0x7b4
 *(.vectors)
 .vectors       0x00000000       0xac c:/winavr-20100110/bin/../lib/gcc/avr/4.3.3/../../../../avr/lib/avr5/crtm32u4.o
                0x00000000                __vectors
                0x00000000                __vector_default
 *(.vectors)
 *(.progmem.gcc*)
 *(.progmem*)
 .progmem.data  0x000000ac       0xd4 usb_keyboard.o
                0x00000180                . = ALIGN (0x2)
                0x00000180                __trampolines_start = .
 *(.trampolines)
 .trampolines   0x00000180        0x0 linker stubs
 *(.trampolines*)
                0x00000180                __trampolines_end = .
 *(.jumptables)
 *(.jumptables*)
 *(.lowtext)
 *(.lowtext*)
                0x00000180                __ctors_start = .
 *(.ctors)
                0x00000180                __ctors_end = .
                0x00000180                __dtors_start = .
 *(.dtors)
                0x00000180                __dtors_end = .
 SORT(*)(.ctors)
 SORT(*)(.dtors)
 *(.init0)
 .init0         0x00000180        0x0 c:/winavr-20100110/bin/../lib/gcc/avr/4.3.3/../../../../avr/lib/avr5/crtm32u4.o
                0x00000180                __init
 *(.init0)
 *(.init1)
 *(.init1)
 *(.init2)
 .init2         0x00000180        0xc c:/winavr-20100110/bin/../lib/gcc/avr/4.3.3/../../../../avr/lib/avr5/crtm32u4.o
 *(.init2)
 *(.init3)
 *(.init3)
 *(.init4)
 .init4         0x0000018c       0x16 c:/winavr-20100110/bin/../lib/gcc/avr/4.3.3/avr5\libgcc.a(_copy_data.o)
                0x0000018c                __do_copy_data
 .init4         0x000001a2       0x10 c:/winavr-20100110/bin/../lib/gcc/avr/4.3.3/avr5\libgcc.a(_clear_bss.o)
                0x000001a2                __do_clear_bss
 *(.init4)
 *(.init5)
 *(.init5)
 *(.init6)
 *(.init6)
 *(.init7)
 *(.init7)
 *(.init8)
 *(.init8)
 *(.init9)
 .init9         0x000001b2        0x4 c:/winavr-20100110/bin/../lib/gcc/avr/4.3.3/../../../../avr/lib/avr5/crtm32u4.o
 *(.init9)
 *(.text)
 .text          0x000001b6        0x2 c:/winavr-20100110/bin/../lib/gcc/avr/4.3.3/../../../../avr/lib/avr5/crtm32u4.o
                0x000001b6                __vector_38
                0x000001b6                __vector_22
                0x000001b6                __vector_28
                0x000001b6                __vector_1
                0x000001b6                __vector_32
                0x000001b6                __vector_34
                0x000001b6                __vector_24
                0x000001b6                __vector_12
                0x000001b6                __bad_interrupt
                0x000001b6                __vector_6
                0x000001b6                __vector_31
                0x000001b6                __vector_35
                0x000001b6                __vector_39
                0x000001b6                __vector_3
                0x000001b6                __vector_30
                0x000001b6                __vector_25
                0x000001b6                __vector_13
                0x000001b6                __vector_17
                0x000001b6                __vector_19
                0x000001b6                __vector_7
                0x000001b6                __vector_41
                0x000001b6                __vector_27
                0x000001b6                __vector_5
                0x000001b6                __vector_33
                0x000001b6                __vector_37
                0x000001b6                __vector_4
                0x000001b6                __vector_9
                0x000001b6                __vector_2
                0x000001b6                __vector_21
                0x000001b6                __vector_15
                0x000001b6                __vector_36
                0x000001b6                __vector_29
                0x000001b6                __vector_40
                0x000001b6                __vector_8
                0x000001b6                __vector_26
                0x000001b6                __vector_14
                0x000001b6                __vector_16
                0x000001b6                __vector_18
                0x000001b6                __vector_20
                0x000001b6                __vector_42
                0x000001b8                . = ALIGN (0x2)
 *(.text.*)
 .text.__vector_23
                0x000001b8       0x6a example.o
                0x000001b8                __vector_23
 .text.main     0x00000222       0xc4 example.o
                0x00000222                main
 .text.usb_init
                0x000002e6       0x2e usb_keyboard.o
                0x000002e6                usb_init
 .text.usb_configured
                0x00000314        0x6 usb_keyboard.o
                0x00000314                usb_configured
 .text.usb_keyboard_send
                0x0000031a       0x90 usb_keyboard.o
                0x0000031a                usb_keyboard_send
 .text.usb_keyboard_press
                0x000003aa       0x1a usb_keyboard.o
                0x000003aa                usb_keyboard_press
 .text.__vector_10
                0x000003c4       0xd8 usb_keyboard.o
                0x000003c4                __vector_10
 .text.__vector_11
                0x0000049c      0x314 usb_keyboard.o
                0x0000049c                __vector_11
                0x000007b0                . = ALIGN (0x2)
 *(.fini9)
 .fini9         0x000007b0        0x0 c:/winavr-20100110/bin/../lib/gcc/avr/4.3.3/avr5\libgcc.a(_exit.o)
                0x000007b0                exit
                0x000007b0                _exit
 *(.fini9)
 *(.fini8)
 *(.fini8)
 *(.fini7)
 *(.fini7)
 *(.fini6)
 *(.fini6)
 *(.fini5)
 *(.fini5)
 *(.fini4)
 *(.fini4)
 *(.fini3)
 *(.fini3)
 *(.fini2)
 *(.fini2)
 *(.fini1)
 *(.fini1)
 *(.fini0)
 .fini0         0x000007b0        0x4 c:/winavr-20100110/bin/../lib/gcc/avr/4.3.3/avr5\libgcc.a(_exit.o)
 *(.fini0)
                0x000007b4                _etext = .

.data           0x00800100        0xc load address 0x000007b4
                0x00800100                PROVIDE (__data_start, .)
 *(.data)
 .data          0x00800100        0xa example.o
                0x00800100                number_keys
 .data          0x0080010a        0x2 usb_keyboard.o
 *(.data*)
 *(.rodata)
 *(.rodata*)
 *(.gnu.linkonce.d*)
                0x0080010c                . = ALIGN (0x2)
                0x0080010c                _edata = .
                0x0080010c                PROVIDE (__data_end, .)

.bss            0x0080010c        0xd
                0x0080010c                PROVIDE (__bss_start, .)
 *(.bss)
 .bss           0x0080010c        0x2 example.o
                0x0080010c                idle_count
 .bss           0x0080010e        0xb usb_keyboard.o
                0x00800115                keyboard_leds
                0x0080010f                keyboard_keys
                0x0080010e                keyboard_modifier_keys
 *(.bss*)
 *(COMMON)
                0x00800119                PROVIDE (__bss_end, .)
                0x000007b4                __data_load_start = LOADADDR (.data)
                0x000007c0                __data_load_end = (__data_load_start + SIZEOF (.data))

.noinit         0x00800119        0x0
                0x00800119                PROVIDE (__noinit_start, .)
 *(.noinit*)
                0x00800119                PROVIDE (__noinit_end, .)
                0x00800119                _end = .
                0x00800119                PROVIDE (__heap_start, .)

.eeprom         0x00810000        0x0
 *(.eeprom*)
                0x00810000                __eeprom_end = .

.fuse
 *(.fuse)
 *(.lfuse)
 *(.hfuse)
 *(.efuse)

.lock
 *(.lock*)

.signature
 *(.signature*)

.stab
 *(.stab)

.stabstr
 *(.stabstr)

.stab.excl
 *(.stab.excl)

.stab.exclstr
 *(.stab.exclstr)

.stab.index
 *(.stab.index)

.stab.indexstr
 *(.stab.indexstr)

.comment
 *(.comment)

.debug
 *(.debug)

.line
 *(.line)

.debug_srcinfo
 *(.debug_srcinfo)

.debug_sfnames
 *(.debug_sfnames)

.debug_aranges  0x00000000       0x70
 *(.debug_aranges)
 .debug_aranges
                0x00000000       0x28 example.o
 .debug_aranges
                0x00000028       0x48 usb_keyboard.o

.debug_pubnames
                0x00000000      0x108
 *(.debug_pubnames)
 .debug_pubnames
                0x00000000       0x4a example.o
 .debug_pubnames
                0x0000004a       0xbe usb_keyboard.o

.debug_info     0x00000000      0x8cc
 *(.debug_info)
 .debug_info    0x00000000      0x1fa example.o
 .debug_info    0x000001fa      0x6d2 usb_keyboard.o
 *(.gnu.linkonce.wi.*)

.debug_abbrev   0x00000000      0x31b
 *(.debug_abbrev)
 .debug_abbrev  0x00000000      0x15a example.o
 .debug_abbrev  0x0000015a      0x1c1 usb_keyboard.o

.debug_line     0x00000000      0x841
 *(.debug_line)
 .debug_line    0x00000000      0x220 example.o
 .debug_line    0x00000220      0x621 usb_keyboard.o

.debug_frame    0x00000000       0xa0
 *(.debug_frame)
 .debug_frame   0x00000000       0x30 example.o
 .debug_frame   0x00000030       0x70 usb_keyboard.o

.debug_str      0x00000000      0x36f
 *(.debug_str)
 .debug_str     0x00000000       0xf5 example.o
                                0x134 (size before relaxing)
 .debug_str     0x000000f5      0x27a usb_keyboard.o
                                0x344 (size before relaxing)

.debug_loc      0x00000000      0x55f
 *(.debug_loc)
 .debug_loc     0x00000000       0xa1 example.o
 .debug_loc     0x000000a1      0x4be usb_keyboard.o

.debug_macinfo
 *(.debug_macinfo)
OUTPUT(example.elf elf32-avr)
LOAD linker stubs

.debug_ranges   0x00000000       0xc0
 .debug_ranges  0x00000000       0x68 example.o
 .debug_ranges  0x00000068       0x58 usb_keyboard.o

Cross Reference Table

Symbol                                            File
__bad_interrupt                                   c:/winavr-20100110/bin/../lib/gcc/avr/4.3.3/../../../../avr/lib/avr5/crtm32u4.o
__bss_end                                         c:/winavr-20100110/bin/../lib/gcc/avr/4.3.3/avr5\libgcc.a(_clear_bss.o)
__bss_start                                       c:/winavr-20100110/bin/../lib/gcc/avr/4.3.3/avr5\libgcc.a(_clear_bss.o)
__data_end                                        c:/winavr-20100110/bin/../lib/gcc/avr/4.3.3/avr5\libgcc.a(_copy_data.o)
__data_load_start                                 c:/winavr-20100110/bin/../lib/gcc/avr/4.3.3/avr5\libgcc.a(_copy_data.o)
__data_start                                      c:/winavr-20100110/bin/../lib/gcc/avr/4.3.3/avr5\libgcc.a(_copy_data.o)
__do_clear_bss                                    c:/winavr-20100110/bin/../lib/gcc/avr/4.3.3/avr5\libgcc.a(_clear_bss.o)
                                                  usb_keyboard.o
                                                  example.o
__do_copy_data                                    c:/winavr-20100110/bin/../lib/gcc/avr/4.3.3/avr5\libgcc.a(_copy_data.o)
                                                  usb_keyboard.o
                                                  example.o
__heap_end                                        c:/winavr-20100110/bin/../lib/gcc/avr/4.3.3/../../../../avr/lib/avr5/crtm32u4.o
__init                                            c:/winavr-20100110/bin/../lib/gcc/avr/4.3.3/../../../../avr/lib/avr5/crtm32u4.o
__stack                                           c:/winavr-20100110/bin/../lib/gcc/avr/4.3.3/../../../../avr/lib/avr5/crtm32u4.o
__vector_1                                        c:/winavr-20100110/bin/../lib/gcc/avr/4.3.3/../../../../avr/lib/avr5/crtm32u4.o
__vector_10                                       usb_keyboard.o
                                                  c:/winavr-20100110/bin/../lib/gcc/avr/4.3.3/../../../../avr/lib/avr5/crtm32u4.o
__vector_11                                       usb_keyboard.o
                                                  c:/winavr-20100110/bin/../lib/gcc/avr/4.3.3/../../../../avr/lib/avr5/crtm32u4.o
__vector_12                                       c:/winavr-20100110/bin/../lib/gcc/avr/4.3.3/../../../../avr/lib/avr5/crtm32u4.o
__vector_13                                       c:/winavr-20100110/bin/../lib/gcc/avr/4.3.3/../../../../avr/lib/avr5/crtm32u4.o
__vector_14                                       c:/winavr-20100110/bin/../lib/gcc/avr/4.3.3/../../../../avr/lib/avr5/crtm32u4.o
__vector_15                                       c:/winavr-20100110/bin/../lib/gcc/avr/4.3.3/../../../../avr/lib/avr5/crtm32u4.o
__vector_16                                       c:/winavr-20100110/bin/../lib/gcc/avr/4.3.3/../../../../avr/lib/avr5/crtm32u4.o
__vector_17                                       c:/winavr-20100110/bin/../lib/gcc/avr/4.3.3/../../../../avr/lib/avr5/crtm32u4.o
__vector_18                                       c:/winavr-20100110/bin/../lib/gcc/avr/4.3.3/../../../../avr/lib/avr5/crtm32u4.o
__vector_19                                       c:/winavr-20100110/bin/../lib/gcc/avr/4.3.3/../../../../avr/lib/avr5/crtm32u4.o
__vector_2                                        c:/winavr-20100110/bin/../lib/gcc/avr/4.3.3/../../../../avr/lib/avr5/crtm32u4.o
__vector_20                                       c:/winavr-20100110/bin/../lib/gcc/avr/4.3.3/../../../../avr/lib/avr5/crtm32u4.o
__vector_21                                       c:/winavr-20100110/bin/../lib/gcc/avr/4.3.3/../../../../avr/lib/avr5/crtm32u4.o
__vector_22                                       c:/winavr-20100110/bin/../lib/gcc/avr/4.3.3/../../../../avr/lib/avr5/crtm32u4.o
__vector_23                                       example.o
                                                  c:/winavr-20100110/bin/../lib/gcc/avr/4.3.3/../../../../avr/lib/avr5/crtm32u4.o
__vector_24                                       c:/winavr-20100110/bin/../lib/gcc/avr/4.3.3/../../../../avr/lib/avr5/crtm32u4.o
__vector_25                                       c:/winavr-20100110/bin/../lib/gcc/avr/4.3.3/../../../../avr/lib/avr5/crtm32u4.o
__vector_26                                       c:/winavr-20100110/bin/../lib/gcc/avr/4.3.3/../../../../avr/lib/avr5/crtm32u4.o
__vector_27                                       c:/winavr-20100110/bin/../lib/gcc/avr/4.3.3/../../../../avr/lib/avr5/crtm32u4.o
__vector_28                                       c:/winavr-20100110/bin/../lib/gcc/avr/4.3.3/../../../../avr/lib/avr5/crtm32u4.o
__vector_29                                       c:/winavr-20100110/bin/../lib/gcc/avr/4.3.3/../../../../avr/lib/avr5/crtm32u4.o
__vector_3                                        c:/winavr-20100110/bin/../lib/gcc/avr/4.3.3/../../../../avr/lib/avr5/crtm32u4.o
__vector_30                                       c:/winavr-20100110/bin/../lib/gcc/avr/4.3.3/../../../../avr/lib/avr5/crtm32u4.o
__vector_31                                       c:/winavr-20100110/bin/../lib/gcc/avr/4.3.3/../../../../avr/lib/avr5/crtm32u4.o
__vector_32                                       c:/winavr-20100110/bin/../lib/gcc/avr/4.3.3/../../../../avr/lib/avr5/crtm32u4.o
__vector_33                                       c:/winavr-20100110/bin/../lib/gcc/avr/4.3.3/../../../../avr/lib/avr5/crtm32u4.o
__vector_34                                       c:/winavr-20100110/bin/../lib/gcc/avr/4.3.3/../../../../avr/lib/avr5/crtm32u4.o
__vector_35                                       c:/winavr-20100110/bin/../lib/gcc/avr/4.3.3/../../../../avr/lib/avr5/crtm32u4.o
__vector_36                                       c:/winavr-20100110/bin/../lib/gcc/avr/4.3.3/../../../../avr/lib/avr5/crtm32u4.o
__vector_37                                       c:/winavr-20100110/bin/../lib/gcc/avr/4.3.3/../../../../avr/lib/avr5/crtm32u4.o
__vector_38                                       c:/winavr-20100110/bin/../lib/gcc/avr/4.3.3/../../../../avr/lib/avr5/crtm32u4.o
__vector_39                                       c:/winavr-20100110/bin/../lib/gcc/avr/4.3.3/../../../../avr/lib/avr5/crtm32u4.o
__vector_4                                        c:/winavr-20100110/bin/../lib/gcc/avr/4.3.3/../../../../avr/lib/avr5/crtm32u4.o
__vector_40                                       c:/winavr-20100110/bin/../lib/gcc/avr/4.3.3/../../../../avr/lib/avr5/crtm32u4.o
__vector_41                                       c:/winavr-20100110/bin/../lib/gcc/avr/4.3.3/../../../../avr/lib/avr5/crtm32u4.o
__vector_42                                       c:/winavr-20100110/bin/../lib/gcc/avr/4.3.3/../../../../avr/lib/avr5/crtm32u4.o
__vector_5                                        c:/winavr-20100110/bin/../lib/gcc/avr/4.3.3/../../../../avr/lib/avr5/crtm32u4.o
__vector_6                                        c:/winavr-20100110/bin/../lib/gcc/avr/4.3.3/../../../../avr/lib/avr5/crtm32u4.o
__vector_7                                        c:/winavr-20100110/bin/../lib/gcc/avr/4.3.3/../../../../avr/lib/avr5/crtm32u4.o
__vector_8                                        c:/winavr-20100110/bin/../lib/gcc/avr/4.3.3/../../../../avr/lib/avr5/crtm32u4.o
__vector_9                                        c:/winavr-20100110/bin/../lib/gcc/avr/4.3.3/../../../../avr/lib/avr5/crtm32u4.o
__vector_default                                  c:/winavr-20100110/bin/../lib/gcc/avr/4.3.3/../../../../avr/lib/avr5/crtm32u4.o
__vectors                                         c:/winavr-20100110/bin/../lib/gcc/avr/4.3.3/../../../../avr/lib/avr5/crtm32u4.o
_exit                                             c:/winavr-20100110/bin/../lib/gcc/avr/4.3.3/avr5\libgcc.a(_exit.o)
exit                                              c:/winavr-20100110/bin/../lib/gcc/avr/4.3.3/avr5\libgcc.a(_exit.o)
                                                  c:/winavr-20100110/bin/../lib/gcc/avr/4.3.3/../../../../avr/lib/avr5/crtm32u4.o
idle_count                                        example.o
keyboard_keys                                     usb_keyboard.o
keyboard_leds                                     usb_keyboard.o
keyboard_modifier_keys                            usb_keyboard.o
main                                              example.o
                                                  c:/winavr-20100110/bin/../lib/gcc/avr/4.3.3/../../../../avr/lib/avr5/crtm32u4.o
number_keys                                       example.o
usb_configured                                    usb_keyboard.o
                                                  example.o
usb_init                                          usb_keyboard.o
                                                  example.o
usb_keyboard_press                                usb_keyboard.o
                                                  example.o
usb_keyboard_send                                 usb_keyboard.o
